<?xml version="1.0"?>
<link_info>
   <banner>MSP430 Linker PC v4.2.1</banner>
   <copyright>Copyright (c) 2003-2013 Texas Instruments Incorporated</copyright>
   <link_time>0x52d568c0</link_time>
   <link_errors>0x0</link_errors>
   <output_file>ez430_chronos_868MHz.out</output_file>
   <entry_point>
      <name>_c_int00</name>
      <address>0xec72</address>
   </entry_point>
   <input_file_list>
      <input_file id="fl-4">
         <path>.\driver\</path>
         <kind>object</kind>
         <file>radio.obj</file>
         <name>radio.obj</name>
      </input_file>
      <input_file id="fl-5">
         <path>.\driver\</path>
         <kind>object</kind>
         <file>ps.obj</file>
         <name>ps.obj</name>
      </input_file>
      <input_file id="fl-35">
         <path>..\bluerobin\</path>
         <kind>archive</kind>
         <file>BlueRobin_RX_868MHz.lib</file>
         <name>BRRX_Radio.obj</name>
      </input_file>
      <input_file id="fl-36">
         <path>..\bluerobin\</path>
         <kind>archive</kind>
         <file>BlueRobin_RX_868MHz.lib</file>
         <name>BRRX_Timer.obj</name>
      </input_file>
      <input_file id="fl-37">
         <path>..\bluerobin\</path>
         <kind>archive</kind>
         <file>BlueRobin_RX_868MHz.lib</file>
         <name>BRRX_Scheduler.obj</name>
      </input_file>
      <input_file id="fl-38">
         <path>..\bluerobin\</path>
         <kind>archive</kind>
         <file>BlueRobin_RX_868MHz.lib</file>
         <name>BRRX_Resource.obj</name>
      </input_file>
      <input_file id="fl-39">
         <path>..\bluerobin\</path>
         <kind>archive</kind>
         <file>BlueRobin_RX_868MHz.lib</file>
         <name>BRRX_Packet.obj</name>
      </input_file>
      <input_file id="fl-3a">
         <path>..\bluerobin\</path>
         <kind>archive</kind>
         <file>BlueRobin_RX_868MHz.lib</file>
         <name>BRRX_API.obj</name>
      </input_file>
      <input_file id="fl-3b">
         <path>..\bluerobin\</path>
         <kind>archive</kind>
         <file>BlueRobin_RX_868MHz.lib</file>
         <name>BR_Common.obj</name>
      </input_file>
      <input_file id="fl-3c">
         <path>C:\ti\ccsv5\tools\compiler\msp430_4.2.1\lib\</path>
         <kind>archive</kind>
         <file>rts430x.lib</file>
         <name>asr32.obj</name>
      </input_file>
      <input_file id="fl-3d">
         <path>C:\ti\ccsv5\tools\compiler\msp430_4.2.1\lib\</path>
         <kind>archive</kind>
         <file>rts430x.lib</file>
         <name>boot.obj</name>
      </input_file>
      <input_file id="fl-41">
         <path>C:\ti\ccsv5\tools\compiler\msp430_4.2.1\lib\</path>
         <kind>archive</kind>
         <file>rts430x.lib</file>
         <name>cpy_util.obj</name>
      </input_file>
      <input_file id="fl-42">
         <path>C:\ti\ccsv5\tools\compiler\msp430_4.2.1\lib\</path>
         <kind>archive</kind>
         <file>rts430x.lib</file>
         <name>div16s.obj</name>
      </input_file>
      <input_file id="fl-43">
         <path>C:\ti\ccsv5\tools\compiler\msp430_4.2.1\lib\</path>
         <kind>archive</kind>
         <file>rts430x.lib</file>
         <name>div16u.obj</name>
      </input_file>
      <input_file id="fl-44">
         <path>C:\ti\ccsv5\tools\compiler\msp430_4.2.1\lib\</path>
         <kind>archive</kind>
         <file>rts430x.lib</file>
         <name>div32s.obj</name>
      </input_file>
      <input_file id="fl-45">
         <path>C:\ti\ccsv5\tools\compiler\msp430_4.2.1\lib\</path>
         <kind>archive</kind>
         <file>rts430x.lib</file>
         <name>div32u.obj</name>
      </input_file>
      <input_file id="fl-46">
         <path>C:\ti\ccsv5\tools\compiler\msp430_4.2.1\lib\</path>
         <kind>archive</kind>
         <file>rts430x.lib</file>
         <name>exit.obj</name>
      </input_file>
      <input_file id="fl-47">
         <path>C:\ti\ccsv5\tools\compiler\msp430_4.2.1\lib\</path>
         <kind>archive</kind>
         <file>rts430x.lib</file>
         <name>fs_add.obj</name>
      </input_file>
      <input_file id="fl-48">
         <path>C:\ti\ccsv5\tools\compiler\msp430_4.2.1\lib\</path>
         <kind>archive</kind>
         <file>rts430x.lib</file>
         <name>fs_cmp.obj</name>
      </input_file>
      <input_file id="fl-49">
         <path>C:\ti\ccsv5\tools\compiler\msp430_4.2.1\lib\</path>
         <kind>archive</kind>
         <file>rts430x.lib</file>
         <name>fs_div.obj</name>
      </input_file>
      <input_file id="fl-4a">
         <path>C:\ti\ccsv5\tools\compiler\msp430_4.2.1\lib\</path>
         <kind>archive</kind>
         <file>rts430x.lib</file>
         <name>fs_itof.obj</name>
      </input_file>
      <input_file id="fl-4b">
         <path>C:\ti\ccsv5\tools\compiler\msp430_4.2.1\lib\</path>
         <kind>archive</kind>
         <file>rts430x.lib</file>
         <name>fs_mpy.obj</name>
      </input_file>
      <input_file id="fl-4c">
         <path>C:\ti\ccsv5\tools\compiler\msp430_4.2.1\lib\</path>
         <kind>archive</kind>
         <file>rts430x.lib</file>
         <name>fs_tou.obj</name>
      </input_file>
      <input_file id="fl-4d">
         <path>C:\ti\ccsv5\tools\compiler\msp430_4.2.1\lib\</path>
         <kind>archive</kind>
         <file>rts430x.lib</file>
         <name>fs_toul.obj</name>
      </input_file>
      <input_file id="fl-4e">
         <path>C:\ti\ccsv5\tools\compiler\msp430_4.2.1\lib\</path>
         <kind>archive</kind>
         <file>rts430x.lib</file>
         <name>fs_ultof.obj</name>
      </input_file>
      <input_file id="fl-4f">
         <path>C:\ti\ccsv5\tools\compiler\msp430_4.2.1\lib\</path>
         <kind>archive</kind>
         <file>rts430x.lib</file>
         <name>fs_utof.obj</name>
      </input_file>
      <input_file id="fl-50">
         <path>C:\ti\ccsv5\tools\compiler\msp430_4.2.1\lib\</path>
         <kind>archive</kind>
         <file>rts430x.lib</file>
         <name>int45.obj</name>
      </input_file>
      <input_file id="fl-51">
         <path>C:\ti\ccsv5\tools\compiler\msp430_4.2.1\lib\</path>
         <kind>archive</kind>
         <file>rts430x.lib</file>
         <name>int46.obj</name>
      </input_file>
      <input_file id="fl-52">
         <path>C:\ti\ccsv5\tools\compiler\msp430_4.2.1\lib\</path>
         <kind>archive</kind>
         <file>rts430x.lib</file>
         <name>int47.obj</name>
      </input_file>
      <input_file id="fl-53">
         <path>C:\ti\ccsv5\tools\compiler\msp430_4.2.1\lib\</path>
         <kind>archive</kind>
         <file>rts430x.lib</file>
         <name>int49.obj</name>
      </input_file>
      <input_file id="fl-54">
         <path>C:\ti\ccsv5\tools\compiler\msp430_4.2.1\lib\</path>
         <kind>archive</kind>
         <file>rts430x.lib</file>
         <name>int50.obj</name>
      </input_file>
      <input_file id="fl-55">
         <path>C:\ti\ccsv5\tools\compiler\msp430_4.2.1\lib\</path>
         <kind>archive</kind>
         <file>rts430x.lib</file>
         <name>int51.obj</name>
      </input_file>
      <input_file id="fl-56">
         <path>C:\ti\ccsv5\tools\compiler\msp430_4.2.1\lib\</path>
         <kind>archive</kind>
         <file>rts430x.lib</file>
         <name>int52.obj</name>
      </input_file>
      <input_file id="fl-57">
         <path>C:\ti\ccsv5\tools\compiler\msp430_4.2.1\lib\</path>
         <kind>archive</kind>
         <file>rts430x.lib</file>
         <name>int57.obj</name>
      </input_file>
      <input_file id="fl-58">
         <path>C:\ti\ccsv5\tools\compiler\msp430_4.2.1\lib\</path>
         <kind>archive</kind>
         <file>rts430x.lib</file>
         <name>int58.obj</name>
      </input_file>
      <input_file id="fl-59">
         <path>C:\ti\ccsv5\tools\compiler\msp430_4.2.1\lib\</path>
         <kind>archive</kind>
         <file>rts430x.lib</file>
         <name>int59.obj</name>
      </input_file>
      <input_file id="fl-5a">
         <path>C:\ti\ccsv5\tools\compiler\msp430_4.2.1\lib\</path>
         <kind>archive</kind>
         <file>rts430x.lib</file>
         <name>int60.obj</name>
      </input_file>
      <input_file id="fl-5b">
         <path>C:\ti\ccsv5\tools\compiler\msp430_4.2.1\lib\</path>
         <kind>archive</kind>
         <file>rts430x.lib</file>
         <name>int61.obj</name>
      </input_file>
      <input_file id="fl-5c">
         <path>C:\ti\ccsv5\tools\compiler\msp430_4.2.1\lib\</path>
         <kind>archive</kind>
         <file>rts430x.lib</file>
         <name>int62.obj</name>
      </input_file>
      <input_file id="fl-5d">
         <path>C:\ti\ccsv5\tools\compiler\msp430_4.2.1\lib\</path>
         <kind>archive</kind>
         <file>rts430x.lib</file>
         <name>isr_trap.obj</name>
      </input_file>
      <input_file id="fl-5e">
         <path>C:\ti\ccsv5\tools\compiler\msp430_4.2.1\lib\</path>
         <kind>archive</kind>
         <file>rts430x.lib</file>
         <name>lsl32.obj</name>
      </input_file>
      <input_file id="fl-5f">
         <path>C:\ti\ccsv5\tools\compiler\msp430_4.2.1\lib\</path>
         <kind>archive</kind>
         <file>rts430x.lib</file>
         <name>lsr32.obj</name>
      </input_file>
      <input_file id="fl-64">
         <path>C:\ti\ccsv5\tools\compiler\msp430_4.2.1\lib\</path>
         <kind>archive</kind>
         <file>rts430x.lib</file>
         <name>mult16_f5hw.obj</name>
      </input_file>
      <input_file id="fl-65">
         <path>C:\ti\ccsv5\tools\compiler\msp430_4.2.1\lib\</path>
         <kind>archive</kind>
         <file>rts430x.lib</file>
         <name>mult32_f5hw.obj</name>
      </input_file>
      <input_file id="fl-68">
         <path>C:\ti\ccsv5\tools\compiler\msp430_4.2.1\lib\</path>
         <kind>archive</kind>
         <file>rts430x.lib</file>
         <name>args_main.obj</name>
      </input_file>
      <input_file id="fl-69">
         <path>C:\ti\ccsv5\tools\compiler\msp430_4.2.1\lib\</path>
         <kind>archive</kind>
         <file>rts430x.lib</file>
         <name>autoinit.obj</name>
      </input_file>
      <input_file id="fl-6a">
         <path>C:\Users\Ilya\AppData\Local\Temp\</path>
         <kind>object</kind>
         <file>053562</file>
         <name>053562</name>
      </input_file>
      <input_file id="fl-6b">
         <path>C:\ti\ccsv5\tools\compiler\msp430_4.2.1\lib\</path>
         <kind>archive</kind>
         <file>rts430x.lib</file>
         <name>copy_decompress_none.obj</name>
      </input_file>
      <input_file id="fl-6c">
         <path>C:\ti\ccsv5\tools\compiler\msp430_4.2.1\lib\</path>
         <kind>archive</kind>
         <file>rts430x.lib</file>
         <name>copy_decompress_rle.obj</name>
      </input_file>
      <input_file id="fl-6d">
         <path>C:\ti\ccsv5\tools\compiler\msp430_4.2.1\lib\</path>
         <kind>archive</kind>
         <file>rts430x.lib</file>
         <name>copy_zero_init.obj</name>
      </input_file>
   </input_file_list>
   <object_component_list>
      <object_component id="oc-7b">
         <name>.bss</name>
         <uninitialized>true</uninitialized>
         <run_address>0x1d32</run_address>
         <size>0x45</size>
         <input_file_ref idref="fl-5"/>
      </object_component>
      <object_component id="oc-80">
         <name>.bss</name>
         <uninitialized>true</uninitialized>
         <run_address>0x1f24</run_address>
         <size>0x6</size>
         <input_file_ref idref="fl-35"/>
      </object_component>
      <object_component id="oc-86">
         <name>.bss</name>
         <uninitialized>true</uninitialized>
         <run_address>0x1ef4</run_address>
         <size>0x8</size>
         <input_file_ref idref="fl-36"/>
      </object_component>
      <object_component id="oc-8c">
         <name>.bss</name>
         <uninitialized>true</uninitialized>
         <run_address>0x1ea2</run_address>
         <size>0xc</size>
         <input_file_ref idref="fl-37"/>
      </object_component>
      <object_component id="oc-92">
         <name>.bss</name>
         <uninitialized>true</uninitialized>
         <run_address>0x1dd2</run_address>
         <size>0x1c</size>
         <input_file_ref idref="fl-38"/>
      </object_component>
      <object_component id="oc-97">
         <name>.bss</name>
         <uninitialized>true</uninitialized>
         <run_address>0x1f36</run_address>
         <size>0x5</size>
         <input_file_ref idref="fl-39"/>
      </object_component>
      <object_component id="oc-9d">
         <name>.bss</name>
         <uninitialized>true</uninitialized>
         <run_address>0x1f3c</run_address>
         <size>0x4</size>
         <input_file_ref idref="fl-3a"/>
      </object_component>
      <object_component id="oc-a2">
         <name>.bss</name>
         <uninitialized>true</uninitialized>
         <run_address>0x1eae</run_address>
         <size>0xa</size>
         <input_file_ref idref="fl-3b"/>
      </object_component>
      <object_component id="oc-aa">
         <name>.bss</name>
         <uninitialized>true</uninitialized>
         <run_address>0x1f14</run_address>
         <size>0x8</size>
         <input_file_ref idref="fl-3d"/>
      </object_component>
      <object_component id="oc-108">
         <name>.bss</name>
         <uninitialized>true</uninitialized>
         <run_address>0x1e66</run_address>
         <size>0x12</size>
         <input_file_ref idref="fl-2f"/>
      </object_component>
      <object_component id="oc-109">
         <name>.bss</name>
         <uninitialized>true</uninitialized>
         <run_address>0x1ed6</run_address>
         <size>0xa</size>
         <input_file_ref idref="fl-6"/>
      </object_component>
      <object_component id="oc-10a">
         <name>.bss</name>
         <uninitialized>true</uninitialized>
         <run_address>0x1c8c</run_address>
         <size>0x5e</size>
         <input_file_ref idref="fl-8"/>
      </object_component>
      <object_component id="oc-10b">
         <name>.bss</name>
         <uninitialized>true</uninitialized>
         <run_address>0x1e86</run_address>
         <size>0xe</size>
         <input_file_ref idref="fl-19"/>
      </object_component>
      <object_component id="oc-10c">
         <name>.bss</name>
         <uninitialized>true</uninitialized>
         <run_address>0x1efc</run_address>
         <size>0x8</size>
         <input_file_ref idref="fl-1b"/>
      </object_component>
      <object_component id="oc-10d">
         <name>.bss</name>
         <uninitialized>true</uninitialized>
         <run_address>0x1e50</run_address>
         <size>0x15</size>
         <input_file_ref idref="fl-1d"/>
      </object_component>
      <object_component id="oc-10e">
         <name>.bss</name>
         <uninitialized>true</uninitialized>
         <run_address>0x1e78</run_address>
         <size>0xe</size>
         <input_file_ref idref="fl-1c"/>
      </object_component>
      <object_component id="oc-10f">
         <name>.bss</name>
         <uninitialized>true</uninitialized>
         <run_address>0x1cea</run_address>
         <size>0x48</size>
         <input_file_ref idref="fl-14"/>
      </object_component>
      <object_component id="oc-110">
         <name>.bss</name>
         <uninitialized>true</uninitialized>
         <run_address>0x1eb8</run_address>
         <size>0xa</size>
         <input_file_ref idref="fl-1e"/>
      </object_component>
      <object_component id="oc-111">
         <name>.bss</name>
         <uninitialized>true</uninitialized>
         <run_address>0x1f1c</run_address>
         <size>0x7</size>
         <input_file_ref idref="fl-2"/>
      </object_component>
      <object_component id="oc-112">
         <name>.bss</name>
         <uninitialized>true</uninitialized>
         <run_address>0x1f04</run_address>
         <size>0x8</size>
         <input_file_ref idref="fl-b"/>
      </object_component>
      <object_component id="oc-113">
         <name>.bss</name>
         <uninitialized>true</uninitialized>
         <run_address>0x1e08</run_address>
         <size>0x1a</size>
         <input_file_ref idref="fl-c"/>
      </object_component>
      <object_component id="oc-114">
         <name>.bss</name>
         <uninitialized>true</uninitialized>
         <run_address>0x1d77</run_address>
         <size>0x1</size>
         <input_file_ref idref="fl-e"/>
      </object_component>
      <object_component id="oc-115">
         <name>.bss</name>
         <uninitialized>true</uninitialized>
         <run_address>0x1f44</run_address>
         <size>0x3</size>
         <input_file_ref idref="fl-f"/>
      </object_component>
      <object_component id="oc-116">
         <name>.bss</name>
         <uninitialized>true</uninitialized>
         <run_address>0x1e94</run_address>
         <size>0xe</size>
         <input_file_ref idref="fl-13"/>
      </object_component>
      <object_component id="oc-117">
         <name>.bss</name>
         <uninitialized>true</uninitialized>
         <run_address>0x1f30</run_address>
         <size>0x6</size>
         <input_file_ref idref="fl-12"/>
      </object_component>
      <object_component id="oc-119">
         <name>.bss</name>
         <uninitialized>true</uninitialized>
         <run_address>0x1f40</run_address>
         <size>0x4</size>
         <input_file_ref idref="fl-16"/>
      </object_component>
      <object_component id="oc-11a">
         <name>.bss</name>
         <uninitialized>true</uninitialized>
         <run_address>0x1f2a</run_address>
         <size>0x6</size>
         <input_file_ref idref="fl-17"/>
      </object_component>
      <object_component id="oc-11b">
         <name>.bss</name>
         <uninitialized>true</uninitialized>
         <run_address>0x1ee9</run_address>
         <size>0x1</size>
         <input_file_ref idref="fl-15"/>
      </object_component>
      <object_component id="oc-11c">
         <name>.bss</name>
         <uninitialized>true</uninitialized>
         <run_address>0x1e3a</run_address>
         <size>0x16</size>
         <input_file_ref idref="fl-18"/>
      </object_component>
      <object_component id="oc-11d">
         <name>.bss</name>
         <uninitialized>true</uninitialized>
         <run_address>0x1dee</run_address>
         <size>0x1a</size>
         <input_file_ref idref="fl-1a"/>
      </object_component>
      <object_component id="oc-11e">
         <name>.bss</name>
         <uninitialized>true</uninitialized>
         <run_address>0x1e22</run_address>
         <size>0x17</size>
         <input_file_ref idref="fl-1f"/>
      </object_component>
      <object_component id="oc-11f">
         <name>.bss</name>
         <uninitialized>true</uninitialized>
         <run_address>0x1e39</run_address>
         <size>0x1</size>
         <input_file_ref idref="fl-25"/>
      </object_component>
      <object_component id="oc-120">
         <name>.bss</name>
         <uninitialized>true</uninitialized>
         <run_address>0x1dd1</run_address>
         <size>0x1</size>
         <input_file_ref idref="fl-20"/>
      </object_component>
      <object_component id="oc-121">
         <name>.bss</name>
         <uninitialized>true</uninitialized>
         <run_address>0x1d78</run_address>
         <size>0x3c</size>
         <input_file_ref idref="fl-22"/>
      </object_component>
      <object_component id="oc-124">
         <name>.bss</name>
         <uninitialized>true</uninitialized>
         <run_address>0x1ee0</run_address>
         <size>0x9</size>
         <input_file_ref idref="fl-23"/>
      </object_component>
      <object_component id="oc-125">
         <name>.bss</name>
         <uninitialized>true</uninitialized>
         <run_address>0x1ec2</run_address>
         <size>0xa</size>
         <input_file_ref idref="fl-24"/>
      </object_component>
      <object_component id="oc-127">
         <name>.bss</name>
         <uninitialized>true</uninitialized>
         <run_address>0x1c00</run_address>
         <size>0x8c</size>
         <input_file_ref idref="fl-26"/>
      </object_component>
      <object_component id="oc-128">
         <name>.bss</name>
         <uninitialized>true</uninitialized>
         <run_address>0x1db4</run_address>
         <size>0x1d</size>
         <input_file_ref idref="fl-27"/>
      </object_component>
      <object_component id="oc-129">
         <name>.bss</name>
         <uninitialized>true</uninitialized>
         <run_address>0x1e65</run_address>
         <size>0x1</size>
         <input_file_ref idref="fl-29"/>
      </object_component>
      <object_component id="oc-12a">
         <name>.bss</name>
         <uninitialized>true</uninitialized>
         <run_address>0x1f48</run_address>
         <size>0x3</size>
         <input_file_ref idref="fl-2a"/>
      </object_component>
      <object_component id="oc-12b">
         <name>.bss</name>
         <uninitialized>true</uninitialized>
         <run_address>0x1ecc</run_address>
         <size>0xa</size>
         <input_file_ref idref="fl-2b"/>
      </object_component>
      <object_component id="oc-12c">
         <name>.bss</name>
         <uninitialized>true</uninitialized>
         <run_address>0x1eea</run_address>
         <size>0x9</size>
         <input_file_ref idref="fl-2c"/>
      </object_component>
      <object_component id="oc-12d">
         <name>.bss</name>
         <uninitialized>true</uninitialized>
         <run_address>0x1f0c</run_address>
         <size>0x8</size>
         <input_file_ref idref="fl-67"/>
      </object_component>
      <object_component id="oc-ac">
         <name>.stack</name>
         <uninitialized>true</uninitialized>
         <run_address>0x2bac</run_address>
         <size>0x2</size>
         <input_file_ref idref="fl-3d"/>
      </object_component>
      <object_component id="oc-292">
         <name>.stack</name>
         <uninitialized>true</uninitialized>
         <run_address>0x2bac</run_address>
         <size>0x0</size>
      </object_component>
      <object_component id="oc-146">
         <name>.text:_isr:TIMER0_A0_ISR</name>
         <load_address>0x8000</load_address>
         <run_address>0x8000</run_address>
         <size>0x376</size>
         <input_file_ref idref="fl-2"/>
      </object_component>
      <object_component id="oc-175">
         <name>.text:test_mode</name>
         <load_address>0x8376</load_address>
         <run_address>0x8376</run_address>
         <size>0x2aa</size>
         <input_file_ref idref="fl-11"/>
      </object_component>
      <object_component id="oc-1b6">
         <name>.text:conv_pa_to_meter</name>
         <load_address>0x8620</load_address>
         <run_address>0x8620</run_address>
         <size>0x294</size>
         <input_file_ref idref="fl-5"/>
      </object_component>
      <object_component id="oc-1bb">
         <name>.text:BRRX__Scheduler_v</name>
         <load_address>0x88b4</load_address>
         <run_address>0x88b4</run_address>
         <size>0x284</size>
         <input_file_ref idref="fl-37"/>
      </object_component>
      <object_component id="oc-194">
         <name>.text:set_value</name>
         <load_address>0x8b38</load_address>
         <run_address>0x8b38</run_address>
         <size>0x23c</size>
         <input_file_ref idref="fl-10"/>
      </object_component>
      <object_component id="oc-13e">
         <name>.text:_isr:PORT2_ISR</name>
         <load_address>0x8d74</load_address>
         <run_address>0x8d74</run_address>
         <size>0x21a</size>
         <input_file_ref idref="fl-6"/>
      </object_component>
      <object_component id="oc-205">
         <name>.text:MRFI_Init</name>
         <load_address>0x8f8e</load_address>
         <run_address>0x8f8e</run_address>
         <size>0x1f4</size>
         <input_file_ref idref="fl-22"/>
      </object_component>
      <object_component id="oc-1ab">
         <name>.text:update_pressure_table</name>
         <load_address>0x9182</load_address>
         <run_address>0x9182</run_address>
         <size>0x1d6</size>
         <input_file_ref idref="fl-5"/>
      </object_component>
      <object_component id="oc-19b">
         <name>.text:set_eggtimer</name>
         <load_address>0x9358</load_address>
         <run_address>0x9358</run_address>
         <size>0x1d4</size>
         <input_file_ref idref="fl-1f"/>
      </object_component>
      <object_component id="oc-14d">
         <name>.text:mx_time</name>
         <load_address>0x952c</load_address>
         <run_address>0x952c</run_address>
         <size>0x198</size>
         <input_file_ref idref="fl-19"/>
      </object_component>
      <object_component id="oc-1b5">
         <name>.text:bmp_ps_get_pa</name>
         <load_address>0x96c4</load_address>
         <run_address>0x96c4</run_address>
         <size>0x192</size>
         <input_file_ref idref="fl-c"/>
      </object_component>
      <object_component id="oc-174">
         <name>.text:init_global_variables</name>
         <load_address>0x9856</load_address>
         <run_address>0x9856</run_address>
         <size>0x174</size>
         <input_file_ref idref="fl-2f"/>
      </object_component>
      <object_component id="oc-206">
         <name>.text:nwk_nwkInit</name>
         <load_address>0x99ca</load_address>
         <run_address>0x99ca</run_address>
         <size>0x16e</size>
         <input_file_ref idref="fl-27"/>
      </object_component>
      <object_component id="oc-238">
         <name>.text:smpl_send_link_reply$39</name>
         <load_address>0x9b38</load_address>
         <run_address>0x9b38</run_address>
         <size>0x164</size>
         <input_file_ref idref="fl-2b"/>
      </object_component>
      <object_component id="oc-173">
         <name>.text:init_application</name>
         <load_address>0x9c9c</load_address>
         <run_address>0x9c9c</run_address>
         <size>0x160</size>
         <input_file_ref idref="fl-2f"/>
      </object_component>
      <object_component id="oc-151">
         <name>.text:mx_alarm</name>
         <load_address>0x9dfc</load_address>
         <run_address>0x9dfc</run_address>
         <size>0x156</size>
         <input_file_ref idref="fl-1d"/>
      </object_component>
      <object_component id="oc-225">
         <name>.text:MRFI_Transmit</name>
         <load_address>0x9f52</load_address>
         <run_address>0x9f52</run_address>
         <size>0x14c</size>
         <input_file_ref idref="fl-22"/>
      </object_component>
      <object_component id="oc-1d4">
         <name>.text:nwk_link</name>
         <load_address>0xa09e</load_address>
         <run_address>0xa09e</run_address>
         <size>0x148</size>
         <input_file_ref idref="fl-2b"/>
      </object_component>
      <object_component id="oc-15e">
         <name>.text:mx_date</name>
         <load_address>0xa1e6</load_address>
         <run_address>0xa1e6</run_address>
         <size>0x13e</size>
         <input_file_ref idref="fl-17"/>
      </object_component>
      <object_component id="oc-1d1">
         <name>.text:SMPL_Ioctl</name>
         <load_address>0xa324</load_address>
         <run_address>0xa324</run_address>
         <size>0x13c</size>
         <input_file_ref idref="fl-25"/>
      </object_component>
      <object_component id="oc-1ba">
         <name>.text:Mrfi_SyncPinRxIsr$30</name>
         <load_address>0xa460</load_address>
         <run_address>0xa460</run_address>
         <size>0x13a</size>
         <input_file_ref idref="fl-22"/>
      </object_component>
      <object_component id="oc-1d9">
         <name>.text:simpliciti_sync_decode_ap_cmd_callback</name>
         <load_address>0xa59a</load_address>
         <run_address>0xa59a</run_address>
         <size>0x132</size>
         <input_file_ref idref="fl-14"/>
      </object_component>
      <object_component id="oc-c8">
         <name>.text</name>
         <load_address>0xa6cc</load_address>
         <run_address>0xa6cc</run_address>
         <size>0x130</size>
         <input_file_ref idref="fl-47"/>
      </object_component>
      <object_component id="oc-178">
         <name>.text:do_altitude_measurement</name>
         <load_address>0xa7fc</load_address>
         <run_address>0xa7fc</run_address>
         <size>0x12c</size>
         <input_file_ref idref="fl-1c"/>
      </object_component>
      <object_component id="oc-14e">
         <name>.text:display_time</name>
         <load_address>0xa928</load_address>
         <run_address>0xa928</run_address>
         <size>0x124</size>
         <input_file_ref idref="fl-19"/>
      </object_component>
      <object_component id="oc-163">
         <name>.text:display_eggtimer</name>
         <load_address>0xaa4c</load_address>
         <run_address>0xaa4c</run_address>
         <size>0x11c</size>
         <input_file_ref idref="fl-1f"/>
      </object_component>
      <object_component id="oc-14a">
         <name>.text:display_stopwatch</name>
         <load_address>0xab68</load_address>
         <run_address>0xab68</run_address>
         <size>0x11c</size>
         <input_file_ref idref="fl-13"/>
      </object_component>
      <object_component id="oc-208">
         <name>.text:nwk_join</name>
         <load_address>0xac84</load_address>
         <run_address>0xac84</run_address>
         <size>0x11c</size>
         <input_file_ref idref="fl-2c"/>
      </object_component>
      <object_component id="oc-176">
         <name>.text:wakeup_event</name>
         <load_address>0xada0</load_address>
         <run_address>0xada0</run_address>
         <size>0x11a</size>
         <input_file_ref idref="fl-2f"/>
      </object_component>
      <object_component id="oc-184">
         <name>.text:eggtimer_tick</name>
         <load_address>0xaeba</load_address>
         <run_address>0xaeba</run_address>
         <size>0x112</size>
         <input_file_ref idref="fl-1f"/>
      </object_component>
      <object_component id="oc-19d">
         <name>.text:start_simpliciti_tx_only</name>
         <load_address>0xafcc</load_address>
         <run_address>0xafcc</run_address>
         <size>0x112</size>
         <input_file_ref idref="fl-14"/>
      </object_component>
      <object_component id="oc-1fb">
         <name>.text:PacketMissed_v</name>
         <load_address>0xb0de</load_address>
         <run_address>0xb0de</run_address>
         <size>0x10c</size>
         <input_file_ref idref="fl-37"/>
      </object_component>
      <object_component id="oc-1f5">
         <name>.text:dispatchFrame$32</name>
         <load_address>0xb1ea</load_address>
         <run_address>0xb1ea</run_address>
         <size>0x104</size>
         <input_file_ref idref="fl-24"/>
      </object_component>
      <object_component id="oc-17d">
         <name>.text:display_update</name>
         <load_address>0xb2ee</load_address>
         <run_address>0xb2ee</run_address>
         <size>0x104</size>
         <input_file_ref idref="fl-2f"/>
      </object_component>
      <object_component id="oc-183">
         <name>.text:stopwatch_tick</name>
         <load_address>0xb3f2</load_address>
         <run_address>0xb3f2</run_address>
         <size>0x100</size>
         <input_file_ref idref="fl-13"/>
      </object_component>
      <object_component id="oc-1ac">
         <name>.text:sx_bluerobin</name>
         <load_address>0xb4f2</load_address>
         <run_address>0xb4f2</run_address>
         <size>0xfe</size>
         <input_file_ref idref="fl-1a"/>
      </object_component>
      <object_component id="oc-1a7">
         <name>.text:bmp_ps_init</name>
         <load_address>0xb5f0</load_address>
         <run_address>0xb5f0</run_address>
         <size>0xe6</size>
         <input_file_ref idref="fl-c"/>
      </object_component>
      <object_component id="oc-17c">
         <name>.text:do_counter_measurement</name>
         <load_address>0xb6d6</load_address>
         <run_address>0xb6d6</run_address>
         <size>0xe4</size>
         <input_file_ref idref="fl-18"/>
      </object_component>
      <object_component id="oc-1a0">
         <name>.text:simpliciti_main_sync</name>
         <load_address>0xb7ba</load_address>
         <run_address>0xb7ba</run_address>
         <size>0xe2</size>
         <input_file_ref idref="fl-20"/>
      </object_component>
      <object_component id="oc-212">
         <name>.text:nwk_QfindOldest</name>
         <load_address>0xb89c</load_address>
         <run_address>0xb89c</run_address>
         <size>0xdc</size>
         <input_file_ref idref="fl-26"/>
      </object_component>
      <object_component id="oc-20a">
         <name>.text:nwk_allocateLocalRxPort</name>
         <load_address>0xb978</load_address>
         <run_address>0xb978</run_address>
         <size>0xd2</size>
         <input_file_ref idref="fl-27"/>
      </object_component>
      <object_component id="oc-1da">
         <name>.text:simpliciti_sync_get_data_callback</name>
         <load_address>0xba4a</load_address>
         <run_address>0xba4a</run_address>
         <size>0xd2</size>
         <input_file_ref idref="fl-14"/>
      </object_component>
      <object_component id="oc-18d">
         <name>.text:display_chars</name>
         <load_address>0xbb1c</load_address>
         <run_address>0xbb1c</run_address>
         <size>0xce</size>
         <input_file_ref idref="fl-8"/>
      </object_component>
      <object_component id="oc-195">
         <name>.text:int_to_array</name>
         <load_address>0xbbea</load_address>
         <run_address>0xbbea</run_address>
         <size>0xcc</size>
         <input_file_ref idref="fl-8"/>
      </object_component>
      <object_component id="oc-22e">
         <name>.text:nwk_processLink</name>
         <load_address>0xbcb6</load_address>
         <run_address>0xbcb6</run_address>
         <size>0xcc</size>
         <input_file_ref idref="fl-2b"/>
      </object_component>
      <object_component id="oc-19f">
         <name>.text:simpliciti_link</name>
         <load_address>0xbd82</load_address>
         <run_address>0xbd82</run_address>
         <size>0xca</size>
         <input_file_ref idref="fl-20"/>
      </object_component>
      <object_component id="oc-1a9">
         <name>.text:read_calibration_values</name>
         <load_address>0xbe4c</load_address>
         <run_address>0xbe4c</run_address>
         <size>0xc4</size>
         <input_file_ref idref="fl-2f"/>
      </object_component>
      <object_component id="oc-169">
         <name>.text:sx_sync</name>
         <load_address>0xbf10</load_address>
         <run_address>0xbf10</run_address>
         <size>0xbc</size>
         <input_file_ref idref="fl-14"/>
      </object_component>
      <object_component id="oc-187">
         <name>.text:check_soft_alarm</name>
         <load_address>0xbfcc</load_address>
         <run_address>0xbfcc</run_address>
         <size>0xba</size>
         <input_file_ref idref="fl-1d"/>
      </object_component>
      <object_component id="oc-156">
         <name>.text:display_temperature</name>
         <load_address>0xc086</load_address>
         <run_address>0xc086</run_address>
         <size>0xba</size>
         <input_file_ref idref="fl-12"/>
      </object_component>
      <object_component id="oc-155">
         <name>.text:mx_temperature</name>
         <load_address>0xc140</load_address>
         <run_address>0xc140</run_address>
         <size>0xb8</size>
         <input_file_ref idref="fl-12"/>
      </object_component>
      <object_component id="oc-1fe">
         <name>.text:SearchPacketHit_u8</name>
         <load_address>0xc1f8</load_address>
         <run_address>0xc1f8</run_address>
         <size>0xb6</size>
         <input_file_ref idref="fl-37"/>
      </object_component>
      <object_component id="oc-d8">
         <name>.text</name>
         <load_address>0xc2ae</load_address>
         <run_address>0xc2ae</run_address>
         <size>0xb6</size>
         <input_file_ref idref="fl-4b"/>
      </object_component>
      <object_component id="oc-15f">
         <name>.text:display_date</name>
         <load_address>0xc364</load_address>
         <run_address>0xc364</run_address>
         <size>0xaa</size>
         <input_file_ref idref="fl-17"/>
      </object_component>
      <object_component id="oc-1d0">
         <name>.text:simpliciti_get_ed_data_callback</name>
         <load_address>0xc40e</load_address>
         <run_address>0xc40e</run_address>
         <size>0xa6</size>
         <input_file_ref idref="fl-14"/>
      </object_component>
      <object_component id="oc-1db">
         <name>.text:Strobe</name>
         <load_address>0xc4b4</load_address>
         <run_address>0xc4b4</run_address>
         <size>0xa4</size>
         <input_file_ref idref="fl-3"/>
      </object_component>
      <object_component id="oc-186">
         <name>.text:clock_tick</name>
         <load_address>0xc558</load_address>
         <run_address>0xc558</run_address>
         <size>0xa4</size>
         <input_file_ref idref="fl-19"/>
      </object_component>
      <object_component id="oc-142">
         <name>.text:main</name>
         <load_address>0xc5fc</load_address>
         <run_address>0xc5fc</run_address>
         <size>0xa0</size>
         <input_file_ref idref="fl-2f"/>
      </object_component>
      <object_component id="oc-1d8">
         <name>.text:nwk_retrieveFrame</name>
         <load_address>0xc69c</load_address>
         <run_address>0xc69c</run_address>
         <size>0x9c</size>
         <input_file_ref idref="fl-24"/>
      </object_component>
      <object_component id="oc-177">
         <name>.text:temperature_measurement</name>
         <load_address>0xc738</load_address>
         <run_address>0xc738</run_address>
         <size>0x96</size>
         <input_file_ref idref="fl-12"/>
      </object_component>
      <object_component id="oc-18c">
         <name>.text:get_bluerobin_data</name>
         <load_address>0xc7ce</load_address>
         <run_address>0xc7ce</run_address>
         <size>0x90</size>
         <input_file_ref idref="fl-1a"/>
      </object_component>
      <object_component id="oc-d0">
         <name>.text</name>
         <load_address>0xc85e</load_address>
         <run_address>0xc85e</run_address>
         <size>0x8e</size>
         <input_file_ref idref="fl-49"/>
      </object_component>
      <object_component id="oc-145">
         <name>.text:_isr:TIMER0_A1_5_ISR</name>
         <load_address>0xc8ec</load_address>
         <run_address>0xc8ec</run_address>
         <size>0x8c</size>
         <input_file_ref idref="fl-2"/>
      </object_component>
      <object_component id="oc-1bf">
         <name>.text:ps_i2c_sda</name>
         <load_address>0xc978</load_address>
         <run_address>0xc978</run_address>
         <size>0x8c</size>
         <input_file_ref idref="fl-5"/>
      </object_component>
      <object_component id="oc-1d3">
         <name>.text:SMPL_Init</name>
         <load_address>0xca04</load_address>
         <run_address>0xca04</run_address>
         <size>0x8a</size>
         <input_file_ref idref="fl-25"/>
      </object_component>
      <object_component id="oc-202">
         <name>.text:nwk_buildFrame</name>
         <load_address>0xca8e</load_address>
         <run_address>0xca8e</run_address>
         <size>0x8a</size>
         <input_file_ref idref="fl-24"/>
      </object_component>
      <object_component id="oc-1a4">
         <name>.text:SetVCore</name>
         <load_address>0xcb18</load_address>
         <run_address>0xcb18</run_address>
         <size>0x88</size>
         <input_file_ref idref="fl-7"/>
      </object_component>
      <object_component id="oc-15b">
         <name>.text:display_counter</name>
         <load_address>0xcba0</load_address>
         <run_address>0xcba0</run_address>
         <size>0x88</size>
         <input_file_ref idref="fl-18"/>
      </object_component>
      <object_component id="oc-220">
         <name>.text:GetData_v</name>
         <load_address>0xcc28</load_address>
         <run_address>0xcc28</run_address>
         <size>0x86</size>
         <input_file_ref idref="fl-37"/>
      </object_component>
      <object_component id="oc-233">
         <name>.text:TrimACLK_Offset_v</name>
         <load_address>0xccae</load_address>
         <run_address>0xccae</run_address>
         <size>0x86</size>
         <input_file_ref idref="fl-37"/>
      </object_component>
      <object_component id="oc-152">
         <name>.text:display_alarm</name>
         <load_address>0xcd34</load_address>
         <run_address>0xcd34</run_address>
         <size>0x86</size>
         <input_file_ref idref="fl-1d"/>
      </object_component>
      <object_component id="oc-199">
         <name>.text:get_numberOfDays</name>
         <load_address>0xcdba</load_address>
         <run_address>0xcdba</run_address>
         <size>0x82</size>
         <input_file_ref idref="fl-17"/>
      </object_component>
      <object_component id="oc-1bd">
         <name>.text:BRRX_RadioReceive_v</name>
         <load_address>0xce3c</load_address>
         <run_address>0xce3c</run_address>
         <size>0x7e</size>
         <input_file_ref idref="fl-35"/>
      </object_component>
      <object_component id="oc-209">
         <name>.text:nwk_getNextConnection</name>
         <load_address>0xceba</load_address>
         <run_address>0xceba</run_address>
         <size>0x7c</size>
         <input_file_ref idref="fl-27"/>
      </object_component>
      <object_component id="oc-21f">
         <name>.text:nwk_sendAckReply</name>
         <load_address>0xcf36</load_address>
         <run_address>0xcf36</run_address>
         <size>0x7c</size>
         <input_file_ref idref="fl-24"/>
      </object_component>
      <object_component id="oc-1f4">
         <name>.text:nwk_QfindSlot</name>
         <load_address>0xcfb2</load_address>
         <run_address>0xcfb2</run_address>
         <size>0x76</size>
         <input_file_ref idref="fl-26"/>
      </object_component>
      <object_component id="oc-204">
         <name>.text:nwk_radioControl</name>
         <load_address>0xd028</load_address>
         <run_address>0xd028</run_address>
         <size>0x76</size>
         <input_file_ref idref="fl-2d"/>
      </object_component>
      <object_component id="oc-1f6">
         <name>.text:mrfiRadioInterfaceCmdStrobe</name>
         <load_address>0xd09e</load_address>
         <run_address>0xd09e</run_address>
         <size>0x74</size>
         <input_file_ref idref="fl-22"/>
      </object_component>
      <object_component id="oc-1af">
         <name>.text:display_altitude</name>
         <load_address>0xd112</load_address>
         <run_address>0xd112</run_address>
         <size>0x72</size>
         <input_file_ref idref="fl-1c"/>
      </object_component>
      <object_component id="oc-18f">
         <name>.text:display_char</name>
         <load_address>0xd184</load_address>
         <run_address>0xd184</run_address>
         <size>0x72</size>
         <input_file_ref idref="fl-8"/>
      </object_component>
      <object_component id="oc-1b2">
         <name>.text:ps_read_register</name>
         <load_address>0xd1f6</load_address>
         <run_address>0xd1f6</run_address>
         <size>0x72</size>
         <input_file_ref idref="fl-5"/>
      </object_component>
      <object_component id="oc-216">
         <name>.text:BRRX_RadioInit_v</name>
         <load_address>0xd268</load_address>
         <run_address>0xd268</run_address>
         <size>0x70</size>
         <input_file_ref idref="fl-35"/>
      </object_component>
      <object_component id="oc-17b">
         <name>.text:battery_measurement</name>
         <load_address>0xd2d8</load_address>
         <run_address>0xd2d8</run_address>
         <size>0x6e</size>
         <input_file_ref idref="fl-1b"/>
      </object_component>
      <object_component id="oc-215">
         <name>.text:ResetTXCB_v</name>
         <load_address>0xd346</load_address>
         <run_address>0xd346</run_address>
         <size>0x6a</size>
         <input_file_ref idref="fl-3a"/>
      </object_component>
      <object_component id="oc-1b4">
         <name>.text:cma_ps_get_pa</name>
         <load_address>0xd3b0</load_address>
         <run_address>0xd3b0</run_address>
         <size>0x6a</size>
         <input_file_ref idref="fl-9"/>
      </object_component>
      <object_component id="oc-22c">
         <name>.text:WritePATable</name>
         <load_address>0xd41a</load_address>
         <run_address>0xd41a</run_address>
         <size>0x68</size>
         <input_file_ref idref="fl-3"/>
      </object_component>
      <object_component id="oc-1b0">
         <name>.text:adc12_single_conversion</name>
         <load_address>0xd482</load_address>
         <run_address>0xd482</run_address>
         <size>0x68</size>
         <input_file_ref idref="fl-f"/>
      </object_component>
      <object_component id="oc-22d">
         <name>.text:nwk_processPing</name>
         <load_address>0xd4ea</load_address>
         <run_address>0xd4ea</run_address>
         <size>0x66</size>
         <input_file_ref idref="fl-29"/>
      </object_component>
      <object_component id="oc-16d">
         <name>.text:Timer0_A4_Delay</name>
         <load_address>0xd550</load_address>
         <run_address>0xd550</run_address>
         <size>0x64</size>
         <input_file_ref idref="fl-2"/>
      </object_component>
      <object_component id="oc-198">
         <name>.text:bmp_as_start</name>
         <load_address>0xd5b4</load_address>
         <run_address>0xd5b4</run_address>
         <size>0x64</size>
         <input_file_ref idref="fl-d"/>
      </object_component>
      <object_component id="oc-1a8">
         <name>.text:cma_ps_init</name>
         <load_address>0xd618</load_address>
         <run_address>0xd618</run_address>
         <size>0x64</size>
         <input_file_ref idref="fl-9"/>
      </object_component>
      <object_component id="oc-180">
         <name>.text:MRFI_RadioIsr</name>
         <load_address>0xd67c</load_address>
         <run_address>0xd67c</run_address>
         <size>0x62</size>
         <input_file_ref idref="fl-22"/>
      </object_component>
      <object_component id="oc-1b8">
         <name>.text:convert_acceleration_value_to_mgrav</name>
         <load_address>0xd6de</load_address>
         <run_address>0xd6de</run_address>
         <size>0x62</size>
         <input_file_ref idref="fl-1e"/>
      </object_component>
      <object_component id="oc-158">
         <name>.text:display_pressure</name>
         <load_address>0xd740</load_address>
         <run_address>0xd740</run_address>
         <size>0x62</size>
         <input_file_ref idref="fl-1c"/>
      </object_component>
      <object_component id="oc-1d2">
         <name>.text:SMPL_SendOpt</name>
         <load_address>0xd7a2</load_address>
         <run_address>0xd7a2</run_address>
         <size>0x60</size>
         <input_file_ref idref="fl-25"/>
      </object_component>
      <object_component id="oc-1b7">
         <name>.text:as_read_register</name>
         <load_address>0xd802</load_address>
         <run_address>0xd802</run_address>
         <size>0x60</size>
         <input_file_ref idref="fl-e"/>
      </object_component>
      <object_component id="oc-1cf">
         <name>.text:as_write_register</name>
         <load_address>0xd862</load_address>
         <run_address>0xd862</run_address>
         <size>0x60</size>
         <input_file_ref idref="fl-e"/>
      </object_component>
      <object_component id="oc-197">
         <name>.text:start_altitude_measurement</name>
         <load_address>0xd8c2</load_address>
         <run_address>0xd8c2</run_address>
         <size>0x60</size>
         <input_file_ref idref="fl-1c"/>
      </object_component>
      <object_component id="oc-1b9">
         <name>.text:BRRX_PacketEndTimerTask_v</name>
         <load_address>0xd922</load_address>
         <run_address>0xd922</run_address>
         <size>0x5e</size>
         <input_file_ref idref="fl-35"/>
      </object_component>
      <object_component id="oc-221">
         <name>.text:PrepareForFirstPacket_v</name>
         <load_address>0xd980</load_address>
         <run_address>0xd980</run_address>
         <size>0x5c</size>
         <input_file_ref idref="fl-37"/>
      </object_component>
      <object_component id="oc-165">
         <name>.text:display_battery_V</name>
         <load_address>0xd9dc</load_address>
         <run_address>0xd9dc</run_address>
         <size>0x5c</size>
         <input_file_ref idref="fl-1b"/>
      </object_component>
      <object_component id="oc-1a2">
         <name>.text:toggle_buzzer</name>
         <load_address>0xda38</load_address>
         <run_address>0xda38</run_address>
         <size>0x5c</size>
         <input_file_ref idref="fl-b"/>
      </object_component>
      <object_component id="oc-1e5">
         <name>.text:BRRX_Start_v</name>
         <load_address>0xda94</load_address>
         <run_address>0xda94</run_address>
         <size>0x58</size>
         <input_file_ref idref="fl-3a"/>
      </object_component>
      <object_component id="oc-218">
         <name>.text:BRRX__StartNewSearch_v</name>
         <load_address>0xdaec</load_address>
         <run_address>0xdaec</run_address>
         <size>0x58</size>
         <input_file_ref idref="fl-37"/>
      </object_component>
      <object_component id="oc-192">
         <name>.text:clear_line</name>
         <load_address>0xdb44</load_address>
         <run_address>0xdb44</run_address>
         <size>0x58</size>
         <input_file_ref idref="fl-8"/>
      </object_component>
      <object_component id="oc-18e">
         <name>.text:convert_acceleration_value_to_mgrav_sign</name>
         <load_address>0xdb9c</load_address>
         <run_address>0xdb9c</run_address>
         <size>0x58</size>
         <input_file_ref idref="fl-1e"/>
      </object_component>
      <object_component id="oc-188">
         <name>.text:ps_write_register</name>
         <load_address>0xdbf4</load_address>
         <run_address>0xdbf4</run_address>
         <size>0x58</size>
         <input_file_ref idref="fl-5"/>
      </object_component>
      <object_component id="oc-c0">
         <name>.text</name>
         <load_address>0xdc4c</load_address>
         <run_address>0xdc4c</run_address>
         <size>0x58</size>
         <input_file_ref idref="fl-45"/>
      </object_component>
      <object_component id="oc-1c2">
         <name>.text:write_lcd_mem</name>
         <load_address>0xdca4</load_address>
         <run_address>0xdca4</run_address>
         <size>0x58</size>
         <input_file_ref idref="fl-8"/>
      </object_component>
      <object_component id="oc-217">
         <name>.text:BRRX_RadioCalibrate_v</name>
         <load_address>0xdcfc</load_address>
         <run_address>0xdcfc</run_address>
         <size>0x56</size>
         <input_file_ref idref="fl-35"/>
      </object_component>
      <object_component id="oc-20d">
         <name>.text:MRFI_ReplyDelay</name>
         <load_address>0xdd52</load_address>
         <run_address>0xdd52</run_address>
         <size>0x52</size>
         <input_file_ref idref="fl-22"/>
      </object_component>
      <object_component id="oc-1fd">
         <name>.text:TestStartTime_v</name>
         <load_address>0xdda4</load_address>
         <run_address>0xdda4</run_address>
         <size>0x52</size>
         <input_file_ref idref="fl-37"/>
      </object_component>
      <object_component id="oc-17a">
         <name>.text:bmp_as_get_data</name>
         <load_address>0xddf6</load_address>
         <run_address>0xddf6</run_address>
         <size>0x52</size>
         <input_file_ref idref="fl-d"/>
      </object_component>
      <object_component id="oc-1ae">
         <name>.text:cma_as_start</name>
         <load_address>0xde48</load_address>
         <run_address>0xde48</run_address>
         <size>0x52</size>
         <input_file_ref idref="fl-a"/>
      </object_component>
      <object_component id="oc-1e8">
         <name>.text:ps_i2c_read</name>
         <load_address>0xde9a</load_address>
         <run_address>0xde9a</run_address>
         <size>0x52</size>
         <input_file_ref idref="fl-5"/>
      </object_component>
      <object_component id="oc-1cc">
         <name>.text:button_repeat_function</name>
         <load_address>0xdeec</load_address>
         <run_address>0xdeec</run_address>
         <size>0x50</size>
         <input_file_ref idref="fl-6"/>
      </object_component>
      <object_component id="oc-1b1">
         <name>.text:cma_ps_get_temp</name>
         <load_address>0xdf3c</load_address>
         <run_address>0xdf3c</run_address>
         <size>0x50</size>
         <input_file_ref idref="fl-9"/>
      </object_component>
      <object_component id="oc-16b">
         <name>.text:sx_rfbsl</name>
         <load_address>0xdf8c</load_address>
         <run_address>0xdf8c</run_address>
         <size>0x50</size>
         <input_file_ref idref="fl-15"/>
      </object_component>
      <object_component id="oc-1f8">
         <name>.text:SearchPacketCheck_u8</name>
         <load_address>0xdfdc</load_address>
         <run_address>0xdfdc</run_address>
         <size>0x4e</size>
         <input_file_ref idref="fl-37"/>
      </object_component>
      <object_component id="oc-e0">
         <name>.text</name>
         <load_address>0xe02a</load_address>
         <run_address>0xe02a</run_address>
         <size>0x4c</size>
         <input_file_ref idref="fl-4d"/>
      </object_component>
      <object_component id="oc-cc">
         <name>.text</name>
         <load_address>0xe076</load_address>
         <run_address>0xe076</run_address>
         <size>0x4a</size>
         <input_file_ref idref="fl-48"/>
      </object_component>
      <object_component id="oc-150">
         <name>.text:sx_alarm</name>
         <load_address>0xe0c0</load_address>
         <run_address>0xe0c0</run_address>
         <size>0x4a</size>
         <input_file_ref idref="fl-1d"/>
      </object_component>
      <object_component id="oc-223">
         <name>.text:BR__CalcRandomTimeOffset_u16</name>
         <load_address>0xe10a</load_address>
         <run_address>0xe10a</run_address>
         <size>0x48</size>
         <input_file_ref idref="fl-3b"/>
      </object_component>
      <object_component id="oc-141">
         <name>.text:_auto_init</name>
         <load_address>0xe152</load_address>
         <run_address>0xe152</run_address>
         <size>0x48</size>
         <input_file_ref idref="fl-69"/>
      </object_component>
      <object_component id="oc-170">
         <name>.text:start_buzzer</name>
         <load_address>0xe19a</load_address>
         <run_address>0xe19a</run_address>
         <size>0x48</size>
         <input_file_ref idref="fl-b"/>
      </object_component>
      <object_component id="oc-1ad">
         <name>.text:stop_bluerobin</name>
         <load_address>0xe1e2</load_address>
         <run_address>0xe1e2</run_address>
         <size>0x48</size>
         <input_file_ref idref="fl-1a"/>
      </object_component>
      <object_component id="oc-20e">
         <name>.text:MRFI_RxIdle</name>
         <load_address>0xe22a</load_address>
         <run_address>0xe22a</run_address>
         <size>0x46</size>
         <input_file_ref idref="fl-22"/>
      </object_component>
      <object_component id="oc-1ed">
         <name>.text:ReadBurstReg</name>
         <load_address>0xe270</load_address>
         <run_address>0xe270</run_address>
         <size>0x46</size>
         <input_file_ref idref="fl-3"/>
      </object_component>
      <object_component id="oc-22b">
         <name>.text:WriteBurstReg</name>
         <load_address>0xe2b6</load_address>
         <run_address>0xe2b6</run_address>
         <size>0x46</size>
         <input_file_ref idref="fl-3"/>
      </object_component>
      <object_component id="oc-232">
         <name>.text:nwk_processMgmt</name>
         <load_address>0xe2fc</load_address>
         <run_address>0xe2fc</run_address>
         <size>0x46</size>
         <input_file_ref idref="fl-2a"/>
      </object_component>
      <object_component id="oc-dc">
         <name>.text</name>
         <load_address>0xe342</load_address>
         <run_address>0xe342</run_address>
         <size>0x46</size>
         <input_file_ref idref="fl-4c"/>
      </object_component>
      <object_component id="oc-1ef">
         <name>.text:mrfiRadioInterfaceReadReg</name>
         <load_address>0xe388</load_address>
         <run_address>0xe388</run_address>
         <size>0x44</size>
         <input_file_ref idref="fl-22"/>
      </object_component>
      <object_component id="oc-1fa">
         <name>.text:PacketHit_u8</name>
         <load_address>0xe3cc</load_address>
         <run_address>0xe3cc</run_address>
         <size>0x42</size>
         <input_file_ref idref="fl-37"/>
      </object_component>
      <object_component id="oc-1c0">
         <name>.text:ps_i2c_write</name>
         <load_address>0xe40e</load_address>
         <run_address>0xe40e</run_address>
         <size>0x42</size>
         <input_file_ref idref="fl-5"/>
      </object_component>
      <object_component id="oc-182">
         <name>.text:update_eggtimer_timer</name>
         <load_address>0xe450</load_address>
         <run_address>0xe450</run_address>
         <size>0x42</size>
         <input_file_ref idref="fl-1f"/>
      </object_component>
      <object_component id="oc-181">
         <name>.text:update_stopwatch_timer</name>
         <load_address>0xe492</load_address>
         <run_address>0xe492</run_address>
         <size>0x42</size>
         <input_file_ref idref="fl-13"/>
      </object_component>
      <object_component id="oc-222">
         <name>.text:BRRX__NewInfo_v</name>
         <load_address>0xe4d4</load_address>
         <run_address>0xe4d4</run_address>
         <size>0x40</size>
         <input_file_ref idref="fl-3a"/>
      </object_component>
      <object_component id="oc-bc">
         <name>.text</name>
         <load_address>0xe514</load_address>
         <run_address>0xe514</run_address>
         <size>0x40</size>
         <input_file_ref idref="fl-44"/>
      </object_component>
      <object_component id="oc-1e4">
         <name>.text:BRRX_SetID_v</name>
         <load_address>0xe554</load_address>
         <run_address>0xe554</run_address>
         <size>0x3e</size>
         <input_file_ref idref="fl-3a"/>
      </object_component>
      <object_component id="oc-1ee">
         <name>.text:BRRX__DecodePacket_u8</name>
         <load_address>0xe592</load_address>
         <run_address>0xe592</run_address>
         <size>0x3e</size>
         <input_file_ref idref="fl-39"/>
      </object_component>
      <object_component id="oc-1e9">
         <name>.text:l_asr_const</name>
         <load_address>0xe5d0</load_address>
         <run_address>0xe5d0</run_address>
         <size>0x3e</size>
         <input_file_ref idref="fl-3c"/>
      </object_component>
      <object_component id="oc-1b3">
         <name>.text:l_lsl_const</name>
         <load_address>0xe60e</load_address>
         <run_address>0xe60e</run_address>
         <size>0x3e</size>
         <input_file_ref idref="fl-5e"/>
      </object_component>
      <object_component id="oc-1ea">
         <name>.text:l_lsr_const</name>
         <load_address>0xe64c</load_address>
         <run_address>0xe64c</run_address>
         <size>0x3e</size>
         <input_file_ref idref="fl-5f"/>
      </object_component>
      <object_component id="oc-185">
         <name>.text:BRRX_TimerTask_v</name>
         <load_address>0xe68a</load_address>
         <run_address>0xe68a</run_address>
         <size>0x3c</size>
         <input_file_ref idref="fl-36"/>
      </object_component>
      <object_component id="oc-1ce">
         <name>.text:as_start</name>
         <load_address>0xe6c6</load_address>
         <run_address>0xe6c6</run_address>
         <size>0x3c</size>
         <input_file_ref idref="fl-e"/>
      </object_component>
      <object_component id="oc-19c">
         <name>.text:reset_eggtimer</name>
         <load_address>0xe702</load_address>
         <run_address>0xe702</run_address>
         <size>0x3c</size>
         <input_file_ref idref="fl-1f"/>
      </object_component>
      <object_component id="oc-1e3">
         <name>.text:WriteSingleReg</name>
         <load_address>0xe73e</load_address>
         <run_address>0xe73e</run_address>
         <size>0x3a</size>
         <input_file_ref idref="fl-3"/>
      </object_component>
      <object_component id="oc-237">
         <name>.text:nwk_isValidReply</name>
         <load_address>0xe778</load_address>
         <run_address>0xe778</run_address>
         <size>0x3a</size>
         <input_file_ref idref="fl-27"/>
      </object_component>
      <object_component id="oc-1df">
         <name>.text:BRRX_Init_v</name>
         <load_address>0xe7b2</load_address>
         <run_address>0xe7b2</run_address>
         <size>0x38</size>
         <input_file_ref idref="fl-3a"/>
      </object_component>
      <object_component id="oc-144">
         <name>.text:_isr:radio_ISR</name>
         <load_address>0xe7ea</load_address>
         <run_address>0xe7ea</run_address>
         <size>0x38</size>
         <input_file_ref idref="fl-4"/>
      </object_component>
      <object_component id="oc-207">
         <name>.text:mrfiRadioInterfaceWriteReg</name>
         <load_address>0xe822</load_address>
         <run_address>0xe822</run_address>
         <size>0x36</size>
         <input_file_ref idref="fl-22"/>
      </object_component>
      <object_component id="oc-d4">
         <name>.text</name>
         <load_address>0xe858</load_address>
         <run_address>0xe858</run_address>
         <size>0x36</size>
         <input_file_ref idref="fl-4a"/>
      </object_component>
      <object_component id="oc-21c">
         <name>.text:BR__CalcCRC_u8</name>
         <load_address>0xe88e</load_address>
         <run_address>0xe88e</run_address>
         <size>0x34</size>
         <input_file_ref idref="fl-3b"/>
      </object_component>
      <object_component id="oc-1fc">
         <name>.text:TrimRFCLK_Offset_v</name>
         <load_address>0xe8c2</load_address>
         <run_address>0xe8c2</run_address>
         <size>0x34</size>
         <input_file_ref idref="fl-37"/>
      </object_component>
      <object_component id="oc-196">
         <name>.text:soft_alarm_stop</name>
         <load_address>0xe8f6</load_address>
         <run_address>0xe8f6</run_address>
         <size>0x34</size>
         <input_file_ref idref="fl-1d"/>
      </object_component>
      <object_component id="oc-161">
         <name>.text:sx_eggtimer</name>
         <load_address>0xe92a</load_address>
         <run_address>0xe92a</run_address>
         <size>0x34</size>
         <input_file_ref idref="fl-1f"/>
      </object_component>
      <object_component id="oc-148">
         <name>.text:sx_stopwatch</name>
         <load_address>0xe95e</load_address>
         <run_address>0xe95e</run_address>
         <size>0x34</size>
         <input_file_ref idref="fl-13"/>
      </object_component>
      <object_component id="oc-1bc">
         <name>.text:BRRX_RadioStop_v</name>
         <load_address>0xe992</load_address>
         <run_address>0xe992</run_address>
         <size>0x32</size>
         <input_file_ref idref="fl-35"/>
      </object_component>
      <object_component id="oc-20c">
         <name>.text:MRFI_RxOn</name>
         <load_address>0xe9c4</load_address>
         <run_address>0xe9c4</run_address>
         <size>0x32</size>
         <input_file_ref idref="fl-22"/>
      </object_component>
      <object_component id="oc-18a">
         <name>.text:as_stop</name>
         <load_address>0xe9f6</load_address>
         <run_address>0xe9f6</run_address>
         <size>0x32</size>
         <input_file_ref idref="fl-e"/>
      </object_component>
      <object_component id="oc-1f0">
         <name>.text:mrfiRadioInterfaceReadRxFifo</name>
         <load_address>0xea28</load_address>
         <run_address>0xea28</run_address>
         <size>0x32</size>
         <input_file_ref idref="fl-22"/>
      </object_component>
      <object_component id="oc-1a5">
         <name>.text:radio_reset</name>
         <load_address>0xea5a</load_address>
         <run_address>0xea5a</run_address>
         <size>0x32</size>
         <input_file_ref idref="fl-4"/>
      </object_component>
      <object_component id="oc-e4">
         <name>.text</name>
         <load_address>0xea8c</load_address>
         <run_address>0xea8c</run_address>
         <size>0x32</size>
         <input_file_ref idref="fl-4e"/>
      </object_component>
      <object_component id="oc-203">
         <name>.text:nwk_sendFrame</name>
         <load_address>0xeabe</load_address>
         <run_address>0xeabe</run_address>
         <size>0x30</size>
         <input_file_ref idref="fl-24"/>
      </object_component>
      <object_component id="oc-213">
         <name>.text:nwk_QadjustOrder</name>
         <load_address>0xeaee</load_address>
         <run_address>0xeaee</run_address>
         <size>0x2e</size>
         <input_file_ref idref="fl-26"/>
      </object_component>
      <object_component id="oc-179">
         <name>.text:cma_as_get_data</name>
         <load_address>0xeb1c</load_address>
         <run_address>0xeb1c</run_address>
         <size>0x2c</size>
         <input_file_ref idref="fl-a"/>
      </object_component>
      <object_component id="oc-b4">
         <name>.text</name>
         <load_address>0xeb48</load_address>
         <run_address>0xeb48</run_address>
         <size>0x2c</size>
         <input_file_ref idref="fl-42"/>
      </object_component>
      <object_component id="oc-189">
         <name>.text:stop_altitude_measurement</name>
         <load_address>0xeb74</load_address>
         <run_address>0xeb74</run_address>
         <size>0x2c</size>
         <input_file_ref idref="fl-1c"/>
      </object_component>
      <object_component id="oc-1e6">
         <name>.text:BRRX_GetID_u32</name>
         <load_address>0xeba0</load_address>
         <run_address>0xeba0</run_address>
         <size>0x2a</size>
         <input_file_ref idref="fl-3a"/>
      </object_component>
      <object_component id="oc-226">
         <name>.text:MRFI_SetRFPwr</name>
         <load_address>0xebca</load_address>
         <run_address>0xebca</run_address>
         <size>0x2a</size>
         <input_file_ref idref="fl-22"/>
      </object_component>
      <object_component id="oc-1f3">
         <name>.text:Mrfi_CalculateRssi$30</name>
         <load_address>0xebf4</load_address>
         <run_address>0xebf4</run_address>
         <size>0x2a</size>
         <input_file_ref idref="fl-22"/>
      </object_component>
      <object_component id="oc-1ff">
         <name>.text:SearchPacketMissed_u8</name>
         <load_address>0xec1e</load_address>
         <run_address>0xec1e</run_address>
         <size>0x2a</size>
         <input_file_ref idref="fl-37"/>
      </object_component>
      <object_component id="oc-1a3">
         <name>.text:Timer0_A3_Start</name>
         <load_address>0xec48</load_address>
         <run_address>0xec48</run_address>
         <size>0x2a</size>
         <input_file_ref idref="fl-2"/>
      </object_component>
      <object_component id="oc-69">
         <name>.text:_isr:_c_int00_noexit</name>
         <load_address>0xec72</load_address>
         <run_address>0xec72</run_address>
         <size>0x2a</size>
         <input_file_ref idref="fl-3d"/>
      </object_component>
      <object_component id="oc-211">
         <name>.text:map_lid2idx$35</name>
         <load_address>0xec9c</load_address>
         <run_address>0xec9c</run_address>
         <size>0x28</size>
         <input_file_ref idref="fl-27"/>
      </object_component>
      <object_component id="oc-149">
         <name>.text:mx_stopwatch</name>
         <load_address>0xecc4</load_address>
         <run_address>0xecc4</run_address>
         <size>0x28</size>
         <input_file_ref idref="fl-13"/>
      </object_component>
      <object_component id="oc-1d6">
         <name>.text:nwk_getConnInfo</name>
         <load_address>0xecec</load_address>
         <run_address>0xecec</run_address>
         <size>0x28</size>
         <input_file_ref idref="fl-27"/>
      </object_component>
      <object_component id="oc-171">
         <name>.text:stop_buzzer</name>
         <load_address>0xed14</load_address>
         <run_address>0xed14</run_address>
         <size>0x28</size>
         <input_file_ref idref="fl-b"/>
      </object_component>
      <object_component id="oc-20f">
         <name>.text:MRFI_Sleep</name>
         <load_address>0xed3c</load_address>
         <run_address>0xed3c</run_address>
         <size>0x26</size>
         <input_file_ref idref="fl-22"/>
      </object_component>
      <object_component id="oc-16c">
         <name>.text:display_rfbsl</name>
         <load_address>0xed62</load_address>
         <run_address>0xed62</run_address>
         <size>0x26</size>
         <input_file_ref idref="fl-15"/>
      </object_component>
      <object_component id="oc-1aa">
         <name>.text:init_pressure_table</name>
         <load_address>0xed88</load_address>
         <run_address>0xed88</run_address>
         <size>0x26</size>
         <input_file_ref idref="fl-5"/>
      </object_component>
      <object_component id="oc-1d7">
         <name>.text:nwk_checkConnInfo</name>
         <load_address>0xedae</load_address>
         <run_address>0xedae</run_address>
         <size>0x26</size>
         <input_file_ref idref="fl-27"/>
      </object_component>
      <object_component id="oc-167">
         <name>.text:sx_rf</name>
         <load_address>0xedd4</load_address>
         <run_address>0xedd4</run_address>
         <size>0x26</size>
         <input_file_ref idref="fl-14"/>
      </object_component>
      <object_component id="oc-1c3">
         <name>.text:BRRX_GetState_t</name>
         <load_address>0xedfa</load_address>
         <run_address>0xedfa</run_address>
         <size>0x24</size>
         <input_file_ref idref="fl-3a"/>
      </object_component>
      <object_component id="oc-1dc">
         <name>.text:ps_init</name>
         <load_address>0xee1e</load_address>
         <run_address>0xee1e</run_address>
         <size>0x24</size>
         <input_file_ref idref="fl-5"/>
      </object_component>
      <object_component id="oc-e8">
         <name>.text</name>
         <load_address>0xee42</load_address>
         <run_address>0xee42</run_address>
         <size>0x24</size>
         <input_file_ref idref="fl-4f"/>
      </object_component>
      <object_component id="oc-210">
         <name>.text:BSP_Delay</name>
         <load_address>0xee66</load_address>
         <run_address>0xee66</run_address>
         <size>0x22</size>
         <input_file_ref idref="fl-21"/>
      </object_component>
      <object_component id="oc-191">
         <name>.text:display_value</name>
         <load_address>0xee88</load_address>
         <run_address>0xee88</run_address>
         <size>0x22</size>
         <input_file_ref idref="fl-8"/>
      </object_component>
      <object_component id="oc-21d">
         <name>.text:memcmp</name>
         <load_address>0xeeaa</load_address>
         <run_address>0xeeaa</run_address>
         <size>0x22</size>
         <input_file_ref idref="fl-60"/>
      </object_component>
      <object_component id="oc-fa">
         <name>.text</name>
         <load_address>0xeecc</load_address>
         <run_address>0xeecc</run_address>
         <size>0x22</size>
         <input_file_ref idref="fl-65"/>
      </object_component>
      <object_component id="oc-1c6">
         <name>.text:BRRX_GetDistance_u16</name>
         <load_address>0xeeee</load_address>
         <run_address>0xeeee</run_address>
         <size>0x20</size>
         <input_file_ref idref="fl-3a"/>
      </object_component>
      <object_component id="oc-1c5">
         <name>.text:BRRX_GetSpeed_u8</name>
         <load_address>0xef0e</load_address>
         <run_address>0xef0e</run_address>
         <size>0x20</size>
         <input_file_ref idref="fl-3a"/>
      </object_component>
      <object_component id="oc-1be">
         <name>.text:SetAbsoluteTimer_v</name>
         <load_address>0xef2e</load_address>
         <run_address>0xef2e</run_address>
         <size>0x1e</size>
         <input_file_ref idref="fl-36"/>
      </object_component>
      <object_component id="oc-18b">
         <name>.text:display_symbol</name>
         <load_address>0xef4c</load_address>
         <run_address>0xef4c</run_address>
         <size>0x1e</size>
         <input_file_ref idref="fl-8"/>
      </object_component>
      <object_component id="oc-229">
         <name>.text:memmove</name>
         <load_address>0xef6a</load_address>
         <run_address>0xef6a</run_address>
         <size>0x1e</size>
         <input_file_ref idref="fl-62"/>
      </object_component>
      <object_component id="oc-22f">
         <name>.text:nwk_processJoin</name>
         <load_address>0xef88</load_address>
         <run_address>0xef88</run_address>
         <size>0x1e</size>
         <input_file_ref idref="fl-2c"/>
      </object_component>
      <object_component id="oc-1d5">
         <name>.text:Mrfi_DelayUsec$30</name>
         <load_address>0xefa6</load_address>
         <run_address>0xefa6</run_address>
         <size>0x1c</size>
         <input_file_ref idref="fl-22"/>
      </object_component>
      <object_component id="oc-190">
         <name>.text:clear_display_all</name>
         <load_address>0xefc2</load_address>
         <run_address>0xefc2</run_address>
         <size>0x1c</size>
         <input_file_ref idref="fl-8"/>
      </object_component>
      <object_component id="oc-1a1">
         <name>.text:close_radio</name>
         <load_address>0xefde</load_address>
         <run_address>0xefde</run_address>
         <size>0x1c</size>
         <input_file_ref idref="fl-4"/>
      </object_component>
      <object_component id="oc-20b">
         <name>.text:nwk_putNumObjectIntoMsg</name>
         <load_address>0xeffa</load_address>
         <run_address>0xeffa</run_address>
         <size>0x1c</size>
         <input_file_ref idref="fl-27"/>
      </object_component>
      <object_component id="oc-1f9">
         <name>.text:GetPacketTolerance_u8</name>
         <load_address>0xf016</load_address>
         <run_address>0xf016</run_address>
         <size>0x1a</size>
         <input_file_ref idref="fl-37"/>
      </object_component>
      <object_component id="oc-147">
         <name>.text:_isr:ADC12ISR</name>
         <load_address>0xf030</load_address>
         <run_address>0xf030</run_address>
         <size>0x1a</size>
         <input_file_ref idref="fl-f"/>
      </object_component>
      <object_component id="oc-19a">
         <name>.text:stop_eggtimer</name>
         <load_address>0xf04a</load_address>
         <run_address>0xf04a</run_address>
         <size>0x1a</size>
         <input_file_ref idref="fl-1f"/>
      </object_component>
      <object_component id="oc-16f">
         <name>.text:stop_stopwatch</name>
         <load_address>0xf064</load_address>
         <run_address>0xf064</run_address>
         <size>0x1a</size>
         <input_file_ref idref="fl-13"/>
      </object_component>
      <object_component id="oc-1ec">
         <name>.text:ReadSingleReg</name>
         <load_address>0xf07e</load_address>
         <run_address>0xf07e</run_address>
         <size>0x18</size>
         <input_file_ref idref="fl-3"/>
      </object_component>
      <object_component id="oc-193">
         <name>.text:display_selection_Timeformat1</name>
         <load_address>0xf096</load_address>
         <run_address>0xf096</run_address>
         <size>0x16</size>
         <input_file_ref idref="fl-19"/>
      </object_component>
      <object_component id="oc-15a">
         <name>.text:mx_counter</name>
         <load_address>0xf0ac</load_address>
         <run_address>0xf0ac</run_address>
         <size>0x16</size>
         <input_file_ref idref="fl-18"/>
      </object_component>
      <object_component id="oc-b8">
         <name>.text</name>
         <load_address>0xf0c2</load_address>
         <run_address>0xf0c2</run_address>
         <size>0x16</size>
         <input_file_ref idref="fl-43"/>
      </object_component>
      <object_component id="oc-f6">
         <name>.text</name>
         <load_address>0xf0d8</load_address>
         <run_address>0xf0d8</run_address>
         <size>0x16</size>
         <input_file_ref idref="fl-64"/>
      </object_component>
      <object_component id="oc-168">
         <name>.text:display_rf</name>
         <load_address>0xf0ee</load_address>
         <run_address>0xf0ee</run_address>
         <size>0x14</size>
         <input_file_ref idref="fl-14"/>
      </object_component>
      <object_component id="oc-16a">
         <name>.text:display_sync</name>
         <load_address>0xf102</load_address>
         <run_address>0xf102</run_address>
         <size>0x14</size>
         <input_file_ref idref="fl-14"/>
      </object_component>
      <object_component id="oc-16e">
         <name>.text:is_stopwatch</name>
         <load_address>0xf116</load_address>
         <run_address>0xf116</run_address>
         <size>0x14</size>
         <input_file_ref idref="fl-13"/>
      </object_component>
      <object_component id="oc-17f">
         <name>.text:BlueRobin_RadioISR_v</name>
         <load_address>0xf12a</load_address>
         <run_address>0xf12a</run_address>
         <size>0x12</size>
         <input_file_ref idref="fl-35"/>
      </object_component>
      <object_component id="oc-172">
         <name>.text:memcpy</name>
         <load_address>0xf13c</load_address>
         <run_address>0xf13c</run_address>
         <size>0x12</size>
         <input_file_ref idref="fl-61"/>
      </object_component>
      <object_component id="oc-1f1">
         <name>.text:memset</name>
         <load_address>0xf14e</load_address>
         <run_address>0xf14e</run_address>
         <size>0x12</size>
         <input_file_ref idref="fl-63"/>
      </object_component>
      <object_component id="oc-162">
         <name>.text:mx_eggtimer</name>
         <load_address>0xf160</load_address>
         <run_address>0xf160</run_address>
         <size>0x12</size>
         <input_file_ref idref="fl-1f"/>
      </object_component>
      <object_component id="oc-19e">
         <name>.text:open_radio</name>
         <load_address>0xf172</load_address>
         <run_address>0xf172</run_address>
         <size>0x12</size>
         <input_file_ref idref="fl-4"/>
      </object_component>
      <object_component id="oc-21a">
         <name>.text:BRRX__StartTimer_v</name>
         <load_address>0xf184</load_address>
         <run_address>0xf184</run_address>
         <size>0x10</size>
         <input_file_ref idref="fl-36"/>
      </object_component>
      <object_component id="oc-1c8">
         <name>.text:l_lsl</name>
         <load_address>0xf194</load_address>
         <run_address>0xf194</run_address>
         <size>0x10</size>
         <input_file_ref idref="fl-5e"/>
      </object_component>
      <object_component id="oc-1c9">
         <name>.text:l_lsr</name>
         <load_address>0xf1a4</load_address>
         <run_address>0xf1a4</run_address>
         <size>0x10</size>
         <input_file_ref idref="fl-5f"/>
      </object_component>
      <object_component id="oc-1a6">
         <name>.text:radio_powerdown</name>
         <load_address>0xf1b4</load_address>
         <run_address>0xf1b4</run_address>
         <size>0x10</size>
         <input_file_ref idref="fl-4"/>
      </object_component>
      <object_component id="oc-15d">
         <name>.text:sx_date</name>
         <load_address>0xf1c4</load_address>
[...]
         <name>sa_needrestart</name>
         <value>0x1e64</value>
         <object_component_ref idref="oc-10d"/>
      </symbol>
      <symbol id="sm-d96">
         <name>nwk_QfindSlot</name>
         <value>0xcfb2</value>
         <object_component_ref idref="oc-1f4"/>
      </symbol>
      <symbol id="sm-d97">
         <name>init_application</name>
         <value>0x9c9c</value>
         <object_component_ref idref="oc-173"/>
      </symbol>
      <symbol id="sm-d98">
         <name>display_char</name>
         <value>0xd184</value>
         <object_component_ref idref="oc-18f"/>
      </symbol>
      <symbol id="sm-d99">
         <name>cma_mgrav_per_bit</name>
         <value>0xf87a</value>
         <object_component_ref idref="oc-1eb"/>
      </symbol>
      <symbol id="sm-d9a">
         <name>main</name>
         <value>0xc5fc</value>
         <object_component_ref idref="oc-142"/>
      </symbol>
      <symbol id="sm-d9b">
         <name>update_stopwatch</name>
         <value>0xf238</value>
         <object_component_ref idref="oc-14b"/>
      </symbol>
      <symbol id="sm-d9c">
         <name>sTimer</name>
         <value>0x1f20</value>
         <object_component_ref idref="oc-111"/>
      </symbol>
      <symbol id="sm-d9d">
         <name>MRFI_ReplyDelay</name>
         <value>0xdd52</value>
         <object_component_ref idref="oc-20d"/>
      </symbol>
      <symbol id="sm-d9e">
         <name>_lock</name>
         <value>0x1f0c</value>
         <object_component_ref idref="oc-12d"/>
      </symbol>
      <symbol id="sm-d9f">
         <name>as_stop</name>
         <value>0xe9f6</value>
         <object_component_ref idref="oc-18a"/>
      </symbol>
      <symbol id="sm-da0">
         <name>display_alarm</name>
         <value>0xcd34</value>
         <object_component_ref idref="oc-152"/>
      </symbol>
      <symbol id="sm-da1">
         <name>MRFI_Transmit</name>
         <value>0x9f52</value>
         <object_component_ref idref="oc-225"/>
      </symbol>
      <symbol id="sm-da2">
         <name>display_rfbsl</name>
         <value>0xed62</value>
         <object_component_ref idref="oc-16c"/>
      </symbol>
      <symbol id="sm-da3">
         <name>button</name>
         <value>0x1ed6</value>
         <object_component_ref idref="oc-109"/>
      </symbol>
      <symbol id="sm-da4">
         <name>MRFI_RxIdle</name>
         <value>0xe22a</value>
         <object_component_ref idref="oc-20e"/>
      </symbol>
      <symbol id="sm-da5">
         <name>message</name>
         <value>0x1e6a</value>
         <object_component_ref idref="oc-108"/>
      </symbol>
      <symbol id="sm-da6">
         <name>sButton</name>
         <value>0x1ed8</value>
         <object_component_ref idref="oc-109"/>
      </symbol>
      <symbol id="sm-da7">
         <name>battery_measurement</name>
         <value>0xd2d8</value>
         <object_component_ref idref="oc-17b"/>
      </symbol>
      <symbol id="sm-da8">
         <name>mx_temperature</name>
         <value>0xc140</value>
         <object_component_ref idref="oc-155"/>
      </symbol>
      <symbol id="sm-da9">
         <name>SMPL_Init</name>
         <value>0xca04</value>
         <object_component_ref idref="oc-1d3"/>
      </symbol>
      <symbol id="sm-daa">
         <name>reset_eggtimer</name>
         <value>0xe702</value>
         <object_component_ref idref="oc-19c"/>
      </symbol>
      <symbol id="sm-dab">
         <name>SMPL_SendOpt</name>
         <value>0xd7a2</value>
         <object_component_ref idref="oc-1d2"/>
      </symbol>
      <symbol id="sm-dac">
         <name>update_date</name>
         <value>0xf220</value>
         <object_component_ref idref="oc-160"/>
      </symbol>
      <symbol id="sm-dad">
         <name>sStopwatch</name>
         <value>0x1e94</value>
         <object_component_ref idref="oc-116"/>
      </symbol>
      <symbol id="sm-dae">
         <name>mx_time</name>
         <value>0x952c</value>
         <object_component_ref idref="oc-14d"/>
      </symbol>
      <symbol id="sm-daf">
         <name>simpliciti_ed_address</name>
         <value>0x1d12</value>
         <object_component_ref idref="oc-10f"/>
      </symbol>
      <symbol id="sm-db0">
         <name>sBuzzer</name>
         <value>0x1f04</value>
         <object_component_ref idref="oc-112"/>
      </symbol>
      <symbol id="sm-db1">
         <name>cma_as_get_data</name>
         <value>0xeb1c</value>
         <object_component_ref idref="oc-179"/>
      </symbol>
      <symbol id="sm-db2">
         <name>WriteBurstReg</name>
         <value>0xe2b6</value>
         <object_component_ref idref="oc-22b"/>
      </symbol>
      <symbol id="sm-db3">
         <name>display_chars</name>
         <value>0xbb1c</value>
         <object_component_ref idref="oc-18d"/>
      </symbol>
      <symbol id="sm-db4">
         <name>softalarmzone</name>
         <value>0x1e55</value>
         <object_component_ref idref="oc-10d"/>
      </symbol>
      <symbol id="sm-db5">
         <name>_unlock</name>
         <value>0x1f10</value>
         <object_component_ref idref="oc-12d"/>
      </symbol>
      <symbol id="sm-db6">
         <name>xold</name>
         <value>0x1e56</value>
         <object_component_ref idref="oc-10d"/>
      </symbol>
      <symbol id="sm-db7">
         <name>nwk_retrieveFrame</name>
         <value>0xc69c</value>
         <object_component_ref idref="oc-1d8"/>
      </symbol>
      <symbol id="sm-db8">
         <name>nwk_isValidReply</name>
         <value>0xe778</value>
         <object_component_ref idref="oc-237"/>
      </symbol>
      <symbol id="sm-db9">
         <name>Timer0_A4_Delay</name>
         <value>0xd550</value>
         <object_component_ref idref="oc-16d"/>
      </symbol>
      <symbol id="sm-dba">
         <name>bmp_param_b5</name>
         <value>0x1e1e</value>
         <object_component_ref idref="oc-113"/>
      </symbol>
      <symbol id="sm-dbb">
         <name>ReadBurstReg</name>
         <value>0xe270</value>
         <object_component_ref idref="oc-1ed"/>
      </symbol>
      <symbol id="sm-dbc">
         <name>seggtimer</name>
         <value>0x1e22</value>
         <object_component_ref idref="oc-11e"/>
      </symbol>
      <symbol id="sm-dbd">
         <name>nwk_link</name>
         <value>0xa09e</value>
         <object_component_ref idref="oc-1d4"/>
      </symbol>
      <symbol id="sm-dbe">
         <name>nwk_sendAckReply</name>
         <value>0xcf36</value>
         <object_component_ref idref="oc-21f"/>
      </symbol>
      <symbol id="sm-dbf">
         <name>burst_start</name>
         <value>0x1d1a</value>
         <object_component_ref idref="oc-10f"/>
      </symbol>
      <symbol id="sm-dc0">
         <name>toggle_buzzer</name>
         <value>0xda38</value>
         <object_component_ref idref="oc-1a2"/>
      </symbol>
      <symbol id="sm-dc1">
         <name>sys</name>
         <value>0x1e66</value>
         <object_component_ref idref="oc-108"/>
      </symbol>
      <symbol id="sm-dc2">
         <name>nwk_putNumObjectIntoMsg</name>
         <value>0xeffa</value>
         <object_component_ref idref="oc-20b"/>
      </symbol>
      <symbol id="sm-dc3">
         <name>bmp_ps_get_pa</name>
         <value>0x96c4</value>
         <object_component_ref idref="oc-1b5"/>
      </symbol>
      <symbol id="sm-dc4">
         <name>convert_acceleration_value_to_mgrav</name>
         <value>0xd6de</value>
         <object_component_ref idref="oc-1b8"/>
      </symbol>
      <symbol id="sm-dc5">
         <name>is_rf</name>
         <value>0xf1f0</value>
         <object_component_ref idref="oc-17e"/>
      </symbol>
      <symbol id="sm-dc6">
         <name>clear_line</name>
         <value>0xdb44</value>
         <object_component_ref idref="oc-192"/>
      </symbol>
      <symbol id="sm-dc7">
         <name>nwk_allocateLocalRxPort</name>
         <value>0xb978</value>
         <object_component_ref idref="oc-20a"/>
      </symbol>
      <symbol id="sm-dc8">
         <name>do_altitude_measurement</name>
         <value>0xa7fc</value>
         <object_component_ref idref="oc-178"/>
      </symbol>
      <symbol id="sm-dc9">
         <name>display</name>
         <value>0x1c8c</value>
         <object_component_ref idref="oc-10a"/>
      </symbol>
      <symbol id="sm-dca">
         <name>menu_L2_RFBSL</name>
         <value>0xf6b0</value>
         <object_component_ref idref="oc-118"/>
      </symbol>
      <symbol id="sm-dcb">
         <name>update_time</name>
         <value>0xf26e</value>
         <object_component_ref idref="oc-14f"/>
      </symbol>
      <symbol id="sm-dcc">
         <name>segments_bitmask</name>
         <value>0xf7be</value>
         <object_component_ref idref="oc-1c1"/>
      </symbol>
      <symbol id="sm-dcd">
         <name>soft_alarm_stop</name>
         <value>0xe8f6</value>
         <object_component_ref idref="oc-196"/>
      </symbol>
      <symbol id="sm-dce">
         <name>mx_stopwatch</name>
         <value>0xecc4</value>
         <object_component_ref idref="oc-149"/>
      </symbol>
      <symbol id="sm-dcf">
         <name>PORT2_ISR</name>
         <value>0x8d74</value>
         <object_component_ref idref="oc-13e"/>
      </symbol>
      <symbol id="sm-dd0">
         <name>nwk_processSecurity</name>
         <value>0xf2be</value>
         <object_component_ref idref="oc-230"/>
      </symbol>
      <symbol id="sm-dd1">
         <name>memmove</name>
         <value>0xef6a</value>
         <object_component_ref idref="oc-229"/>
      </symbol>
      <symbol id="sm-dd2">
         <name>stop_altitude_measurement</name>
         <value>0xeb74</value>
         <object_component_ref idref="oc-189"/>
      </symbol>
      <symbol id="sm-dd3">
         <name>sa_timercounter</name>
         <value>0x1e63</value>
         <object_component_ref idref="oc-10d"/>
      </symbol>
      <symbol id="sm-dd4">
         <name>BSP_Delay</name>
         <value>0xee66</value>
         <object_component_ref idref="oc-210"/>
      </symbol>
      <symbol id="sm-dd5">
         <name>clock_tick</name>
         <value>0xc558</value>
         <object_component_ref idref="oc-186"/>
      </symbol>
      <symbol id="sm-dd6">
         <name>menu_L1_Time</name>
         <value>0xf5fc</value>
         <object_component_ref idref="oc-118"/>
      </symbol>
      <symbol id="sm-dd7">
         <name>nwk_join</name>
         <value>0xac84</value>
         <object_component_ref idref="oc-208"/>
      </symbol>
      <symbol id="sm-dd8">
         <name>nwk_processMgmt</name>
         <value>0xe2fc</value>
         <object_component_ref idref="oc-232"/>
      </symbol>
      <symbol id="sm-dd9">
         <name>display_temperature</name>
         <value>0xc086</value>
         <object_component_ref idref="oc-156"/>
      </symbol>
      <symbol id="sm-dda">
         <name>check_soft_alarm</name>
         <value>0xbfcc</value>
         <object_component_ref idref="oc-187"/>
      </symbol>
      <symbol id="sm-ddb">
         <name>SMPL_Ioctl</name>
         <value>0xa324</value>
         <object_component_ref idref="oc-1d1"/>
      </symbol>
      <symbol id="sm-ddc">
         <name>sx_stopwatch</name>
         <value>0xe95e</value>
         <object_component_ref idref="oc-148"/>
      </symbol>
      <symbol id="sm-ddd">
         <name>set_eggtimer</name>
         <value>0x9358</value>
         <object_component_ref idref="oc-19b"/>
      </symbol>
      <symbol id="sm-dde">
         <name>selection_Timeformat</name>
         <value>0xf89e</value>
         <object_component_ref idref="oc-1cb"/>
      </symbol>
      <symbol id="sm-ddf">
         <name>adc12_single_conversion</name>
         <value>0xd482</value>
         <object_component_ref idref="oc-1b0"/>
      </symbol>
      <symbol id="sm-de0">
         <name>bmp_as_start</name>
         <value>0xd5b4</value>
         <object_component_ref idref="oc-198"/>
      </symbol>
      <symbol id="sm-de1">
         <name>mx_counter</name>
         <value>0xf0ac</value>
         <object_component_ref idref="oc-15a"/>
      </symbol>
      <symbol id="sm-de2">
         <name>ADC12ISR</name>
         <value>0xf030</value>
         <object_component_ref idref="oc-147"/>
      </symbol>
      <symbol id="sm-de3">
         <name>sx_counter</name>
         <value>0xf1fc</value>
         <object_component_ref idref="oc-159"/>
      </symbol>
      <symbol id="sm-de4">
         <name>wakeup_event</name>
         <value>0xada0</value>
         <object_component_ref idref="oc-176"/>
      </symbol>
      <symbol id="sm-de5">
         <name>sx_sync</name>
         <value>0xbf10</value>
         <object_component_ref idref="oc-169"/>
      </symbol>
      <symbol id="sm-de6">
         <name>init_global_variables</name>
         <value>0x9856</value>
         <object_component_ref idref="oc-174"/>
      </symbol>
      <symbol id="sm-de7">
         <name>menu_L1_Alarm</name>
         <value>0xf60e</value>
         <object_component_ref idref="oc-118"/>
      </symbol>
      <symbol id="sm-de8">
         <name>stop_eggtimer</name>
         <value>0xf04a</value>
         <object_component_ref idref="oc-19a"/>
      </symbol>
      <symbol id="sm-de9">
         <name>MRFI_SetRFPwr</name>
         <value>0xebca</value>
         <object_component_ref idref="oc-226"/>
      </symbol>
      <symbol id="sm-dea">
         <name>nwk_nwkInit</name>
         <value>0x99ca</value>
         <object_component_ref idref="oc-206"/>
      </symbol>
      <symbol id="sm-deb">
         <name>menu_L2_Stopwatch</name>
         <value>0xf5ea</value>
         <object_component_ref idref="oc-118"/>
      </symbol>
      <symbol id="sm-dec">
         <name>start_altitude_measurement</name>
         <value>0xd8c2</value>
         <object_component_ref idref="oc-197"/>
      </symbol>
      <symbol id="sm-ded">
         <name>adc12_result</name>
         <value>0x1f44</value>
         <object_component_ref idref="oc-115"/>
      </symbol>
      <symbol id="sm-dee">
         <name>nwk_QfindOldest</name>
         <value>0xb89c</value>
         <object_component_ref idref="oc-212"/>
      </symbol>
      <symbol id="sm-def">
         <name>menu_L1_Counter</name>
         <value>0xf644</value>
         <object_component_ref idref="oc-118"/>
      </symbol>
      <symbol id="sm-df0">
         <name>WritePATable</name>
         <value>0xd41a</value>
         <object_component_ref idref="oc-22c"/>
      </symbol>
      <symbol id="sm-df1">
         <name>display_rf</name>
         <value>0xf0ee</value>
         <object_component_ref idref="oc-168"/>
      </symbol>
      <symbol id="sm-df2">
         <name>method</name>
         <value>0xf4e9</value>
         <object_component_ref idref="oc-122"/>
      </symbol>
      <symbol id="sm-df3">
         <name>sDate</name>
         <value>0x1f2a</value>
         <object_component_ref idref="oc-11a"/>
      </symbol>
      <symbol id="sm-df4">
         <name>simpliciti_reply_count</name>
         <value>0x1d17</value>
         <object_component_ref idref="oc-10f"/>
      </symbol>
      <symbol id="sm-df5">
         <name>sa_counter</name>
         <value>0x1e62</value>
         <object_component_ref idref="oc-10d"/>
      </symbol>
      <symbol id="sm-df6">
         <name>display_sync</name>
         <value>0xf102</value>
         <object_component_ref idref="oc-16a"/>
      </symbol>
      <symbol id="sm-df7">
         <name>stopwatch_tick</name>
         <value>0xb3f2</value>
         <object_component_ref idref="oc-183"/>
      </symbol>
      <symbol id="sm-df8">
         <name>simpliciti_get_ed_data_callback</name>
         <value>0xc40e</value>
         <object_component_ref idref="oc-1d0"/>
      </symbol>
      <symbol id="sm-df9">
         <name>int_to_array_conversion_table</name>
         <value>0xf2ca</value>
         <object_component_ref idref="oc-1cd"/>
      </symbol>
      <symbol id="sm-dfa">
         <name>nwk_getConnInfo</name>
         <value>0xecec</value>
         <object_component_ref idref="oc-1d6"/>
      </symbol>
      <symbol id="sm-dfb">
         <name>button_repeat_function</name>
         <value>0xdeec</value>
         <object_component_ref idref="oc-1cc"/>
      </symbol>
      <symbol id="sm-dfc">
         <name>Timer0_A3_Start</name>
         <value>0xec48</value>
         <object_component_ref idref="oc-1a3"/>
      </symbol>
      <symbol id="sm-dfd">
         <name>display_battery_V</name>
         <value>0xd9dc</value>
         <object_component_ref idref="oc-165"/>
      </symbol>
      <symbol id="sm-dfe">
         <name>nwk_processFreq</name>
         <value>0xf2ba</value>
         <object_component_ref idref="oc-231"/>
      </symbol>
      <symbol id="sm-dff">
         <name>sx_bluerobin</name>
         <value>0xb4f2</value>
         <object_component_ref idref="oc-1ac"/>
      </symbol>
      <symbol id="sm-e00">
         <name>bmp_ps_init</name>
         <value>0xb5f0</value>
         <object_component_ref idref="oc-1a7"/>
      </symbol>
      <symbol id="sm-e01">
         <name>as_ok</name>
         <value>0x1d77</value>
         <object_component_ref idref="oc-114"/>
      </symbol>
      <symbol id="sm-e02">
         <name>sBlueRobin</name>
         <value>0x1dee</value>
         <object_component_ref idref="oc-11d"/>
      </symbol>
      <symbol id="sm-e03">
         <name>chronos_black</name>
         <value>0x1e77</value>
         <object_component_ref idref="oc-108"/>
      </symbol>
      <symbol id="sm-e04">
         <name>simpliciti_payload_length</name>
         <value>0x1d16</value>
         <object_component_ref idref="oc-10f"/>
      </symbol>
      <symbol id="sm-e05">
         <name>get_bluerobin_data</name>
         <value>0xc7ce</value>
         <object_component_ref idref="oc-18c"/>
      </symbol>
      <symbol id="sm-e06">
         <name>_system_pre_init</name>
         <value>0xf2b2</value>
         <object_component_ref idref="oc-140"/>
      </symbol>
      <symbol id="sm-e07">
         <name>stop_bluerobin</name>
         <value>0xe1e2</value>
         <object_component_ref idref="oc-1ad"/>
      </symbol>
      <symbol id="sm-e08">
         <name>write_lcd_mem</name>
         <value>0xdca4</value>
         <object_component_ref idref="oc-1c2"/>
      </symbol>
      <symbol id="sm-e09">
         <name>sTime</name>
         <value>0x1e86</value>
         <object_component_ref idref="oc-10b"/>
      </symbol>
      <symbol id="sm-e0a">
         <name>TIMER0_A0_ISR</name>
         <value>0x8000</value>
         <object_component_ref idref="oc-146"/>
      </symbol>
      <symbol id="sm-e0b">
         <name>update_temperature</name>
         <value>0xf244</value>
         <object_component_ref idref="oc-157"/>
      </symbol>
      <symbol id="sm-e0c">
         <name>display_hours</name>
         <value>0xee88</value>
         <object_component_ref idref="oc-191"/>
      </symbol>
      <symbol id="sm-e0d">
         <name>nwk_processLink</name>
         <value>0xbcb6</value>
         <object_component_ref idref="oc-22e"/>
      </symbol>
      <symbol id="sm-e0e">
         <name>sx_time</name>
         <value>0xf1d4</value>
         <object_component_ref idref="oc-14c"/>
      </symbol>
      <symbol id="sm-e0f">
         <name>display_time</name>
         <value>0xa928</value>
         <object_component_ref idref="oc-14e"/>
      </symbol>
      <symbol id="sm-e10">
         <name>menu_L2_Date</name>
         <value>0xf656</value>
         <object_component_ref idref="oc-118"/>
      </symbol>
      <symbol id="sm-e11">
         <name>display_symbol</name>
         <value>0xef4c</value>
         <object_component_ref idref="oc-18b"/>
      </symbol>
      <symbol id="sm-e12">
         <name>display_pressure</name>
         <value>0xd740</value>
         <object_component_ref idref="oc-158"/>
      </symbol>
   </symbol_table>
   <title>Link successful</title>
</link_info>
